Activity{reds=[Amy Lee], threads=[ActivityThread{name='Stuart Jones', subthreads=[Sam Jones]}]}
